/* File generated with Shader Minifier 1.1.6
 * http://www.ctrl-alt-test.fr
 */
#ifndef F_BLURHIGHLIGHTS_CPP_EXPECTED_
# define F_BLURHIGHLIGHTS_CPP_EXPECTED_
# define VAR_LIMIT "f"
# define VAR_TEXTURE2D_1 "t"

const char *f_blurhighlights_cpp =
 "#version 110\n"
 "#define float4 vec4\n"
 "#define float3 vec3\n"
 "#define float2 vec2\n"
 "#define oUV gl_TexCoord[0]\n"
 "#define tex3D texture3D\n"
 "#define tex2D texture2D\n"
 "#define tex1D texture1D\n"
 "uniform sampler2D t;"
 "uniform float f;"
 "void main()"
 "{"
   "float4 f;"
   "f=vec4(0.);"
   "int v=0;"
   "for(int g=-8;g<9;g++)"
     "{"
       "for(int i=-8;i<9;i++)"
         "{"
           "v++;"
           "float2 o=float2(i,g)*1.02,e=o*.0015;"
           "float4 m=tex2D(t,oUV.xy+e);"
           "f+=m;"
         "}"
     "}"
   "f/=float(v);"
   "gl_FragData[0]=f;"
   "gl_FragData[1]=f;"
 "}";

#endif // F_BLURHIGHLIGHTS_CPP_EXPECTED_
