/* File generated with Shader Minifier 1.1.6
 * http://www.ctrl-alt-test.fr
 */
#ifndef FLY_FRAG_EXPECTED_
# define FLY_FRAG_EXPECTED_
# define VAR_RESOLUTION "a"
# define VAR_TEX0 "y"
# define VAR_TEX1 "o"
# define VAR_TEX2 "r"
# define VAR_TIME "s"

const char *fly_frag =
 "uniform vec2 a;"
 "uniform float s;"
 "uniform sampler2D y,o,r;"
 "void main()"
 "{"
   "vec2 v=-1.+2.*gl_FragCoord.xy/a.xy,r;"
   "float x=s*.25,c=v.x*cos(x)-v.y*sin(x),o=v.x*sin(x)+v.y*cos(x);"
   "r.x=.25*c/abs(o);"
   "r.y=.2*s+.25/abs(o);"
   "gl_FragColor=vec4(texture2D(y,r).xyz*o*o,1.);"
 "}";

#endif // FLY_FRAG_EXPECTED_
