/* File generated with Shader Minifier 1.1.6
 * http://www.ctrl-alt-test.fr
 */
#ifndef MULTITEXTURE_FRAG_EXPECTED_
# define MULTITEXTURE_FRAG_EXPECTED_
# define VAR_RESOLUTION "m"
# define VAR_TEX0 "y"
# define VAR_TEX1 "z"
# define VAR_TIME "x"

const char *multitexture_frag =
 "uniform vec2 m;"
 "uniform float x;"
 "uniform sampler2D y,z;"
 "void main()"
 "{"
   "vec2 r=-1.+2.*gl_FragCoord.xy/m.xy,c=vec2(cos(.5*x),sin(.5*x));"
   "mat2 s=.5*c.x*mat2(c.x,-c.y,c.y,c.x);"
   "vec3 v=texture2D(y,s*r).xyz,t=texture2D(z,.5*r+sin(.1*x)).xyz,e=t*v;"
   "gl_FragColor=vec4(e,1.);"
 "}";

#endif // MULTITEXTURE_FRAG_EXPECTED_
