/* File generated with Shader Minifier 1.1.6
 * http://www.ctrl-alt-test.fr
 */
#ifndef SULT_FRAG_EXPECTED_
# define SULT_FRAG_EXPECTED_
# define VAR_RESOLUTION "r"
# define VAR_TIME "c"

const char *sult_frag =
 "float v=5.,z=.9,y=0.,a=90.,x=0.;"
 "vec3 m=vec3(1,1,1),n=vec3(0,0,1),s=vec3(0,0,1.5);"
 "uniform vec2 r;"
 "uniform float c;"
 "vec3 e(vec3 v,float m)"
 "{"
   "return vec3(v.x*cos(m)+v.z*sin(m),v.y,v.z*cos(m)-v.x*sin(m));"
 "}"
 "vec3 t(vec3 v,float m)"
 "{"
   "return vec3(v.y*cos(m)+v.z*sin(m),v.x,v.z*cos(m)-v.y*sin(m));"
 "}"
 "float f=0.,w=10.;"
 "float e(vec3 m)"
 "{"
   "float y=c,w,z=0.,g,x,a;"
   "vec3 r;"
   "m+=(sin(m.zxy*1.7+y)+sin(m.yzx+y*3.))*.2;"
   "if(v<6.)"
     "z=length(m.xyz*vec3(1,1,.1)-vec3(0,-.1,y*.15-.3))-.34;"
   "else"
     " z=length(m.xy+vec2(0.,.7))-.3+(sin(m.z*17.+y*.6)+sin(m.z*2.)*6.)*.01;"
   "m.xy=vec2(atan(m.x,m.y)*1.113,1.6-length(m.xy)-sin(y*2.)*.3);"
   "r=fract(m.xzz+.5).xyz-.5;"
   "r.y=(m.y-.35)*1.3;"
   "w=max(abs(m.y-.3)-.05,abs(length(fract(m.xz)-.5)-.4)-.03);"
   "f=step(z,w);"
   "return min(min(w,z),m.y-.2);"
 "}"
 "vec3 d=vec3(.19,.2,.24),o=vec3(1),l=vec3(.45,.01,0),g=vec3(.17,0,0);"
 "void main()"
 "{"
   "vec2 t=-1.+2.*gl_FragCoord.xy/r.xy;"
   "vec3 i=normalize(e(e(vec3(t.y*z,t.x*z*1.33,1),-y*.035).yxz,(a+x*c)*.035)),p=n+s*c;"
   "float h=1.,u=0.,C,F,b=0.,j,k,q,A;"
   "vec3 B=vec3(.01,0,0),D=B.yyy,E;"
   "while(h>.1)"
     "{"
       "for(C=b,F=1.;C<w&&F>.005;C+=F)"
         "F=e(p+i*C);"
       "if(C<w)"
         "p+=i*C,j=e(p),q=f,E=normalize(-vec3(j-e(p+B.xyy),j-e(p+B.yxy),j-e(p+B.yyx))),k=clamp(e(p+E*.05)*4.+e(p+E*.1)*2.+.5,.1,1.),u=q*.3,E=normalize(E+step(4.,v)*f*sin(p.yzx*40.)*.05),i=reflect(i,E),A=clamp(dot(normalize(m),E),0.,1.),E=mix(mix(d,o,A),l*(A+.2),q)+vec3(.7*pow(clamp(dot(normalize(m),i),0.,1.),12.)),D+=h*mix(E*k,g,C/w),h*=u*(1.-C/w),b=.1;"
       "else"
         " D+=h*g,h=0.;"
     "}"
   "gl_FragColor.xyz=D;"
   "gl_FragColor.w=1.;"
 "}";

#endif // SULT_FRAG_EXPECTED_
