/* File generated with Shader Minifier 1.1.6
 * http://www.ctrl-alt-test.fr
 */
#ifndef BALL_VERTEX_GLSL_EXPECTED_
# define BALL_VERTEX_GLSL_EXPECTED_

const char *ball_vertex_glsl =
 "void main()"
 "{"
   "gl_TexCoord[0]=gl_MultiTexCoord0,gl_Position=ftransform();"
 "}";

#endif // BALL_VERTEX_GLSL_EXPECTED_
