/* File generated with Shader Minifier 1.1.6
 * http://www.ctrl-alt-test.fr
 */
#ifndef DFC_VERTEX_GLSL_EXPECTED_
# define DFC_VERTEX_GLSL_EXPECTED_

const char *dfc_vertex_glsl =
 "void main()"
 "{"
   "gl_TexCoord[0]=gl_MultiTexCoord0,gl_Position=ftransform();"
 "}";

#endif // DFC_VERTEX_GLSL_EXPECTED_
