/* File generated with Shader Minifier 1.1.6
 * http://www.ctrl-alt-test.fr
 */
#ifndef BLITGIRL_VS_EXPECTED_
# define BLITGIRL_VS_EXPECTED_

const char *blitgirl_vs =
 "void main()"
 "{"
   "gl_TexCoord[0]=gl_MultiTexCoord0,gl_FrontColor=gl_Color,gl_Position=ftransform();"
 "}";

#endif // BLITGIRL_VS_EXPECTED_
