/* File generated with Shader Minifier 1.1.6
 * http://www.ctrl-alt-test.fr
 */
#ifndef BLIT_VS_EXPECTED_
# define BLIT_VS_EXPECTED_

const char *blit_vs =
 "void main()"
 "{"
   "gl_TexCoord[0]=gl_MultiTexCoord0,gl_FrontColor=gl_Color,gl_Position=ftransform();"
 "}";

#endif // BLIT_VS_EXPECTED_
