/* File generated with Shader Minifier 1.1.6
 * http://www.ctrl-alt-test.fr
 */
#ifndef FINAL_VS_EXPECTED_
# define FINAL_VS_EXPECTED_

const char *final_vs =
 "void main()"
 "{"
   "gl_TexCoord[0]=gl_MultiTexCoord0,gl_Position=gl_Vertex;"
 "}";

#endif // FINAL_VS_EXPECTED_
