/* File generated with Shader Minifier 1.1.6
 * http://www.ctrl-alt-test.fr
 */
#ifndef FONT_FRAG_EXPECTED_
# define FONT_FRAG_EXPECTED_
# define VAR_FILL "r"
# define VAR_TEX "m"

const char *font_frag =
 "uniform sampler2D m,r;"
 "void main()"
 "{"
   "vec2 s=gl_TexCoord[0].xy;"
   "vec4 t=texture2D(m,s),g=texture2D(r,s*3.);"
   "gl_FragColor=t*g*gl_Color;"
 "}";

#endif // FONT_FRAG_EXPECTED_
