/* File generated with Shader Minifier 1.1.6
 * http://www.ctrl-alt-test.fr
 */
#ifndef GRAINDO12_FRAG_EXPECTED_
# define GRAINDO12_FRAG_EXPECTED_
# define VAR_AMBIENTCOLOR "a"
# define VAR_DISTRAMP "f"
# define VAR_MATCOLOR "s"
# define VAR_PARAM1 "v"
# define VAR_TIME "c"

const char *graindo12_frag =
 "uniform float c,v;"
 "uniform sampler1D f;"
 "uniform vec3 s,a;"
 "float t(float v)"
 "{"
   "return texture1D(f,abs(v)*.125).x;"
 "}"
 "float n(float v)"
 "{"
   "return pow(.5,abs(v));"
 "}"
 "mat3 n(float v,float f,float m)"
 "{"
   "float c=sin(v),a=sin(f),t=sin(m),s=cos(v),l=cos(f),x=cos(m),r=l*x,z=s*a*x+c*t,n=s*t-c*a*x,o=s*x+c*a*t,e=c*x-s*a*t,i=-l*t,y=s*l,u=-c*l,g=-a;"
   "return mat3(r,n,z,i,o,e,g,u,y);"
 "}"
 "vec3 t(vec3 c,vec3 f,float m)"
 "{"
   "vec3 r=vec3(8.,2.,2.);"
   "float i=cos(m*3.),a=cos(m*.2)*.02+.5;"
   "vec3 x=vec3(0.);"
   "mat3 l=n(f.z,f.x,-f.y);"
   "vec3 y=f*l;"
   "float o=length(y),e=t(o-12.*a)*t(8.485-12.*a)*t(o-8.485);"
   "vec3 z=c*vec3(1.-e);"
   "r.x=y.x+3.;"
   "float u=v,g=t(u*(o-6.*a))*t(u*(o-length(r)));"
   "vec3 p=s;"
   "return mix(z,p,g*v);"
 "}"
 "void main()"
 "{"
   "float f=c;"
   "vec2 v=gl_TexCoord[0].xy;"
   "vec3 m=vec3(0.);"
   "const int s=3;"
   "mat3 l=n(f,f,-f);"
   "vec3 o=l*vec3(v,float(s)),a=l*vec3(v*vec2(2.),-float(s));"
   "for(int r=0;r<=s;++r)"
     "{"
       "float y=float(r)/float(s);"
       "vec3 x=mix(o,a,y);"
       "m=t(m,x,f);"
     "}"
   "gl_FragColor=vec4(m,1.);"
 "}";

#endif // GRAINDO12_FRAG_EXPECTED_
