/* File generated with Shader Minifier 1.1.6
 * http://www.ctrl-alt-test.fr
 */
#ifndef LAMBERT_VS_EXPECTED_
# define LAMBERT_VS_EXPECTED_
# define VAR_N "v"
# define VAR_INVCAMMAT "x"
# define VAR_L1_POS "u"
# define VAR_L2_POS "o"
# define VAR_L3_POS "e"
# define VAR_LIGHT1POS "g"
# define VAR_LIGHT2POS "l"
# define VAR_LIGHT3POS "z"
# define VAR_POS "r"
# define VAR_WPOS "n"

const char *lambert_vs =
 "uniform vec3 g,l,z;"
 "uniform mat4 x;"
 "varying vec3 v,r,n,u,o,e;"
 "void main()"
 "{"
   "v=gl_NormalMatrix*gl_Normal;"
   "vec4 m=gl_ModelViewMatrix*gl_Vertex;"
   "n=(x*m).xyz;"
   "r=m.xyz;"
   "u=(gl_ModelViewMatrix*vec4(g,1.)).xyz;"
   "o=(gl_ModelViewMatrix*vec4(l,1.)).xyz;"
   "e=(gl_ModelViewMatrix*vec4(z,1.)).xyz;"
   "gl_TexCoord[0]=gl_MultiTexCoord0;"
   "gl_FrontColor=gl_Color;"
   "gl_Position=ftransform();"
 "}";

#endif // LAMBERT_VS_EXPECTED_
