/* File generated with Shader Minifier 1.1.6
 * http://www.ctrl-alt-test.fr
 */
#ifndef BLOCKS_FRAG_EXPECTED_
# define BLOCKS_FRAG_EXPECTED_

const char *blocks_frag =
 "float f()"
 "{"
   "int i=2;"
   "float r;"
   "if(i==2)"
     "i++;"
   "if(i<5)"
     "if(i==3)"
       "r=.2;"
     "else"
       " r=.3;"
   "else"
     " r=.4;"
   "return r;"
 "}"
 "int i=5;"
 "float r()"
 "{"
   "int r=2,f=0;"
   "for(int e=0;e<4;e++)"
     "r+=e;"
   "for(r++;f<4;f++)"
     "{"
       "int e=f-1;"
       "r+=e;"
     "}"
   "return 1./float(i);"
 "}"
 "void main()"
 "{"
   "float i=f(),e=r();"
   "gl_FragColor=vec4(.2,i,e,0.);"
 "}";

#endif // BLOCKS_FRAG_EXPECTED_
